{
  "Main": {
    "SendRequest": {
      "Rollback": false,
      "UserId": -1,
      "MessageFlags": 0,
      "BinaryReport": true,
      "Schema": "",
      "MessageItems": [
        {
          "Operation": "SendBuffer",
          "Number": 0,
          "BufferName": "ibnkuser",
          "BufferData": [
            {
              "FieldName": "username",
              "FieldValue": "username2"
            }
          ]
        },
        {
          "Operation": "Find",
          "BufferName": "ibnkuser",
          "FindDirection": "Equal",
          "Index": "IX_ibnkuser_username"
        },
        {
          "Operation": "SendBuffer",
          "Number": 0,
          "BufferName": "ibnkuser",
          "BufferData": [
            {
              "FieldName": "name",
              "FieldValue": "name"
            },
            {
              "FieldName": "surname",
              "FieldValue": "surname"
            }
          ]
        },
        {
          "Operation": "Update",
          "Triggers": "Triggers",
          "BufferName": "ibnkuser"
        },
        {
          "Operation": "GetBuffer",
          "Number": 0,
          "BufferName": "ibnkuser"
        }
      ]
    }
  }
}
